// Jest Snapshot v1, https://goo.gl/fbAQLP

exports[`button component tests renders correctly 1`] = `
<button
  className=""
  type="button"
>
  Test Button
</button>
`;
