// Jest Snapshot v1, https://goo.gl/fbAQLP

exports[`checkbox component tests renders correctly 1`] = `
<div
  className="round"
>
  <input
    className="form-control"
    id="37aca860-ea4e-4ebe-bfad-b4f4c2633f6d"
    type="checkbox"
  />
  <label
    htmlFor="37aca860-ea4e-4ebe-bfad-b4f4c2633f6d"
  />
</div>
`;
